NOTE: MPP_DOMAINS_SET_STACK_SIZE: stack size set to    32768.
